[2026-09-01T13:31:36.518742+00:00] Starting MPLADS Data Ingestion & Inventory Operation
[2026-09-01T13:31:36.518742+00:00] Copying recommended_works.csv to data/raw/...
[2026-09-01T13:31:36.549034+00:00] Successfully copied recommended_works.csv to data/raw/
[2026-09-01T13:31:37.090493+00:00] Processed Dataset: recommended_works.csv | Rows: 83968 | Cols: 9 | Size: 18.08 MB | SHA256: 761b3661a463f1d5...
[2026-09-01T13:31:37.093658+00:00] Copying completed_works.csv to data/raw/...
[2026-09-01T13:31:37.114890+00:00] Successfully copied completed_works.csv to data/raw/
[2026-09-01T13:31:37.472153+00:00] Processed Dataset: completed_works.csv | Rows: 43735 | Cols: 11 | Size: 10.05 MB | SHA256: 66fcdbfeb6f85962...
[2026-09-01T13:31:37.478752+00:00] Copying expenditures.csv to data/raw/...
[2026-09-01T13:31:37.504138+00:00] Successfully copied expenditures.csv to data/raw/
[2026-09-01T13:31:38.077160+00:00] Processed Dataset: expenditures.csv | Rows: 107683 | Cols: 9 | Size: 22.17 MB | SHA256: 8fba3f0dc7870ec0...
[2026-09-01T13:31:38.082403+00:00] Copying mp_summary.csv to data/raw/...
[2026-09-01T13:31:38.087894+00:00] Successfully copied mp_summary.csv to data/raw/
[2026-09-01T13:31:38.138494+00:00] Processed Dataset: mp_summary.csv | Rows: 774 | Cols: 13 | Size: 0.08 MB | SHA256: d66751d4b579df95...
[2026-09-01T13:31:38.153552+00:00] Manifest written to C:\Users\sharm\OneDrive\Desktop\MPLADS(SIH)\data\raw\ingestion_manifest.json
[2026-09-01T17:09:12.466931+00:00] Starting MPLADS Data Ingestion & Inventory Operation
[2026-09-01T17:09:12.944193+00:00] Preserving existing raw file: recommended_works.csv in data/raw/ (Checksum match: 761b3661a4...)
[2026-09-01T17:09:13.488302+00:00] Processed Dataset: recommended_works.csv | Rows: 83968 | Cols: 9 | Size: 18.08 MB | SHA256: 761b3661a463f1d5...
[2026-09-01T17:09:13.741466+00:00] Preserving existing raw file: completed_works.csv in data/raw/ (Checksum match: 66fcdbfeb6...)
[2026-09-01T17:09:14.152871+00:00] Processed Dataset: completed_works.csv | Rows: 43735 | Cols: 11 | Size: 10.05 MB | SHA256: 66fcdbfeb6f85962...
[2026-09-01T17:09:14.621828+00:00] Preserving existing raw file: expenditures.csv in data/raw/ (Checksum match: 8fba3f0dc7...)
[2026-09-01T17:09:15.767084+00:00] Processed Dataset: expenditures.csv | Rows: 107683 | Cols: 9 | Size: 22.17 MB | SHA256: 8fba3f0dc7870ec0...
[2026-09-01T17:09:15.835918+00:00] Preserving existing raw file: mp_summary.csv in data/raw/ (Checksum match: d66751d4b5...)
[2026-09-01T17:09:15.889540+00:00] Processed Dataset: mp_summary.csv | Rows: 774 | Cols: 13 | Size: 0.08 MB | SHA256: d66751d4b579df95...
[2026-09-01T17:09:15.903138+00:00] Manifest written to D:\MPLADS(SIH)\data\raw\ingestion_manifest.json
[2026-09-01T17:13:25.649308+00:00] Starting MPLADS Data Ingestion & Inventory Operation
[2026-09-01T17:13:25.981494+00:00] Preserving existing raw file: recommended_works.csv in data/raw/ (Checksum match: 761b3661a4...)
[2026-09-01T17:13:26.491526+00:00] Processed Dataset: recommended_works.csv | Rows: 83968 | Cols: 9 | Size: 18.08 MB | SHA256: 761b3661a463f1d5...
[2026-09-01T17:13:26.714238+00:00] Preserving existing raw file: completed_works.csv in data/raw/ (Checksum match: 66fcdbfeb6...)
[2026-09-01T17:13:27.107120+00:00] Processed Dataset: completed_works.csv | Rows: 43735 | Cols: 11 | Size: 10.05 MB | SHA256: 66fcdbfeb6f85962...
[2026-09-01T17:13:27.531966+00:00] Preserving existing raw file: expenditures.csv in data/raw/ (Checksum match: 8fba3f0dc7...)
[2026-09-01T17:13:28.963937+00:00] Processed Dataset: expenditures.csv | Rows: 107683 | Cols: 9 | Size: 22.17 MB | SHA256: 8fba3f0dc7870ec0...
[2026-09-01T17:13:28.974844+00:00] Preserving existing raw file: mp_summary.csv in data/raw/ (Checksum match: d66751d4b5...)
[2026-09-01T17:13:29.022611+00:00] Processed Dataset: mp_summary.csv | Rows: 774 | Cols: 13 | Size: 0.08 MB | SHA256: d66751d4b579df95...
[2026-09-01T17:13:29.033020+00:00] Manifest written to D:\MPLADS(SIH)\data\raw\ingestion_manifest.json
[2026-09-16T09:49:40.462161+00:00] Starting MPLADS Data Ingestion & Inventory Operation
[2026-09-16T09:49:40.883823+00:00] Preserving existing raw file: recommended_works.csv in data/raw/ (Checksum match: 761b3661a4...)
[2026-09-16T09:49:41.569911+00:00] Processed Dataset: recommended_works.csv | Rows: 83968 | Cols: 9 | Size: 18.08 MB | SHA256: 761b3661a463f1d5...
[2026-09-16T09:49:41.795034+00:00] Preserving existing raw file: completed_works.csv in data/raw/ (Checksum match: 66fcdbfeb6...)
[2026-09-16T09:49:42.076889+00:00] Processed Dataset: completed_works.csv | Rows: 43735 | Cols: 11 | Size: 10.05 MB | SHA256: 66fcdbfeb6f85962...
[2026-09-16T09:49:42.474508+00:00] Preserving existing raw file: expenditures.csv in data/raw/ (Checksum match: 8fba3f0dc7...)
[2026-09-16T09:49:42.966894+00:00] Processed Dataset: expenditures.csv | Rows: 107683 | Cols: 9 | Size: 22.17 MB | SHA256: 8fba3f0dc7870ec0...
[2026-09-16T09:49:43.001253+00:00] Preserving existing raw file: mp_summary.csv in data/raw/ (Checksum match: d66751d4b5...)
[2026-09-16T09:49:43.017000+00:00] Processed Dataset: mp_summary.csv | Rows: 774 | Cols: 13 | Size: 0.08 MB | SHA256: d66751d4b579df95...
[2026-09-16T09:49:43.019009+00:00] Manifest written to D:\MPLADS(SIH)\data\raw\ingestion_manifest.json
[2026-09-16T10:26:58.015379+00:00] Starting MPLADS Data Ingestion & Inventory Operation
[2026-09-16T10:26:58.431186+00:00] Preserving existing raw file: recommended_works.csv in data/raw/ (Checksum match: 761b3661a4...)
[2026-09-16T10:26:59.153249+00:00] Processed Dataset: recommended_works.csv | Rows: 83968 | Cols: 9 | Size: 18.08 MB | SHA256: 761b3661a463f1d5...
[2026-09-16T10:26:59.360367+00:00] Preserving existing raw file: completed_works.csv in data/raw/ (Checksum match: 66fcdbfeb6...)
[2026-09-16T10:26:59.632038+00:00] Processed Dataset: completed_works.csv | Rows: 43735 | Cols: 11 | Size: 10.05 MB | SHA256: 66fcdbfeb6f85962...
[2026-09-16T10:27:00.005975+00:00] Preserving existing raw file: expenditures.csv in data/raw/ (Checksum match: 8fba3f0dc7...)
[2026-09-16T10:27:00.530423+00:00] Processed Dataset: expenditures.csv | Rows: 107683 | Cols: 9 | Size: 22.17 MB | SHA256: 8fba3f0dc7870ec0...
[2026-09-16T10:27:00.532430+00:00] Preserving existing raw file: mp_summary.csv in data/raw/ (Checksum match: d66751d4b5...)
[2026-09-16T10:27:00.544255+00:00] Processed Dataset: mp_summary.csv | Rows: 774 | Cols: 13 | Size: 0.08 MB | SHA256: d66751d4b579df95...
[2026-09-16T10:27:00.547155+00:00] Manifest written to D:\MPLADS(SIH)\data\raw\ingestion_manifest.json
